[2026-03-06 22:33:43] ERROR: 404 Not Found: The requested URL was not found on the server. If you entered the URL manually please check your spelling and try again.
Traceback (most recent call last):
  File "C:\Users\Akhila Suresh\AppData\Local\Programs\Python\Python310\lib\site-packages\flask\app.py", line 867, in full_dispatch_request
    rv = self.dispatch_request()
  File "C:\Users\Akhila Suresh\AppData\Local\Programs\Python\Python310\lib\site-packages\flask\app.py", line 841, in dispatch_request
    self.raise_routing_exception(req)
  File "C:\Users\Akhila Suresh\AppData\Local\Programs\Python\Python310\lib\site-packages\flask\app.py", line 450, in raise_routing_exception
    raise request.routing_exception  # type: ignore
  File "C:\Users\Akhila Suresh\AppData\Local\Programs\Python\Python310\lib\site-packages\flask\ctx.py", line 353, in match_request
    result = self.url_adapter.match(return_rule=True)  # type: ignore
  File "C:\Users\Akhila Suresh\AppData\Local\Programs\Python\Python310\lib\site-packages\werkzeug\routing\map.py", line 624, in match
    raise NotFound() from None
werkzeug.exceptions.NotFound: 404 Not Found: The requested URL was not found on the server. If you entered the URL manually please check your spelling and try again.

--------------------------------------------------
[2026-03-06 22:36:27] ERROR: 404 Not Found: The requested URL was not found on the server. If you entered the URL manually please check your spelling and try again.
Traceback (most recent call last):
  File "C:\Users\Akhila Suresh\AppData\Local\Programs\Python\Python310\lib\site-packages\flask\app.py", line 867, in full_dispatch_request
    rv = self.dispatch_request()
  File "C:\Users\Akhila Suresh\AppData\Local\Programs\Python\Python310\lib\site-packages\flask\app.py", line 841, in dispatch_request
    self.raise_routing_exception(req)
  File "C:\Users\Akhila Suresh\AppData\Local\Programs\Python\Python310\lib\site-packages\flask\app.py", line 450, in raise_routing_exception
    raise request.routing_exception  # type: ignore
  File "C:\Users\Akhila Suresh\AppData\Local\Programs\Python\Python310\lib\site-packages\flask\ctx.py", line 353, in match_request
    result = self.url_adapter.match(return_rule=True)  # type: ignore
  File "C:\Users\Akhila Suresh\AppData\Local\Programs\Python\Python310\lib\site-packages\werkzeug\routing\map.py", line 624, in match
    raise NotFound() from None
werkzeug.exceptions.NotFound: 404 Not Found: The requested URL was not found on the server. If you entered the URL manually please check your spelling and try again.

--------------------------------------------------
[2026-03-06 22:36:27] ERROR: 404 Not Found: The requested URL was not found on the server. If you entered the URL manually please check your spelling and try again.
Traceback (most recent call last):
  File "C:\Users\Akhila Suresh\AppData\Local\Programs\Python\Python310\lib\site-packages\flask\app.py", line 867, in full_dispatch_request
    rv = self.dispatch_request()
  File "C:\Users\Akhila Suresh\AppData\Local\Programs\Python\Python310\lib\site-packages\flask\app.py", line 841, in dispatch_request
    self.raise_routing_exception(req)
  File "C:\Users\Akhila Suresh\AppData\Local\Programs\Python\Python310\lib\site-packages\flask\app.py", line 450, in raise_routing_exception
    raise request.routing_exception  # type: ignore
  File "C:\Users\Akhila Suresh\AppData\Local\Programs\Python\Python310\lib\site-packages\flask\ctx.py", line 353, in match_request
    result = self.url_adapter.match(return_rule=True)  # type: ignore
  File "C:\Users\Akhila Suresh\AppData\Local\Programs\Python\Python310\lib\site-packages\werkzeug\routing\map.py", line 624, in match
    raise NotFound() from None
werkzeug.exceptions.NotFound: 404 Not Found: The requested URL was not found on the server. If you entered the URL manually please check your spelling and try again.

--------------------------------------------------
[2026-03-06 22:36:27] ERROR: 404 Not Found: The requested URL was not found on the server. If you entered the URL manually please check your spelling and try again.
Traceback (most recent call last):
  File "C:\Users\Akhila Suresh\AppData\Local\Programs\Python\Python310\lib\site-packages\flask\app.py", line 867, in full_dispatch_request
    rv = self.dispatch_request()
  File "C:\Users\Akhila Suresh\AppData\Local\Programs\Python\Python310\lib\site-packages\flask\app.py", line 841, in dispatch_request
    self.raise_routing_exception(req)
  File "C:\Users\Akhila Suresh\AppData\Local\Programs\Python\Python310\lib\site-packages\flask\app.py", line 450, in raise_routing_exception
    raise request.routing_exception  # type: ignore
  File "C:\Users\Akhila Suresh\AppData\Local\Programs\Python\Python310\lib\site-packages\flask\ctx.py", line 353, in match_request
    result = self.url_adapter.match(return_rule=True)  # type: ignore
  File "C:\Users\Akhila Suresh\AppData\Local\Programs\Python\Python310\lib\site-packages\werkzeug\routing\map.py", line 624, in match
    raise NotFound() from None
werkzeug.exceptions.NotFound: 404 Not Found: The requested URL was not found on the server. If you entered the URL manually please check your spelling and try again.

--------------------------------------------------
[2026-03-06 22:36:27] ERROR: 404 Not Found: The requested URL was not found on the server. If you entered the URL manually please check your spelling and try again.
Traceback (most recent call last):
  File "C:\Users\Akhila Suresh\AppData\Local\Programs\Python\Python310\lib\site-packages\flask\app.py", line 867, in full_dispatch_request
    rv = self.dispatch_request()
  File "C:\Users\Akhila Suresh\AppData\Local\Programs\Python\Python310\lib\site-packages\flask\app.py", line 841, in dispatch_request
    self.raise_routing_exception(req)
  File "C:\Users\Akhila Suresh\AppData\Local\Programs\Python\Python310\lib\site-packages\flask\app.py", line 450, in raise_routing_exception
    raise request.routing_exception  # type: ignore
  File "C:\Users\Akhila Suresh\AppData\Local\Programs\Python\Python310\lib\site-packages\flask\ctx.py", line 353, in match_request
    result = self.url_adapter.match(return_rule=True)  # type: ignore
  File "C:\Users\Akhila Suresh\AppData\Local\Programs\Python\Python310\lib\site-packages\werkzeug\routing\map.py", line 624, in match
    raise NotFound() from None
werkzeug.exceptions.NotFound: 404 Not Found: The requested URL was not found on the server. If you entered the URL manually please check your spelling and try again.

--------------------------------------------------
[2026-03-06 22:36:27] ERROR: 404 Not Found: The requested URL was not found on the server. If you entered the URL manually please check your spelling and try again.
Traceback (most recent call last):
  File "C:\Users\Akhila Suresh\AppData\Local\Programs\Python\Python310\lib\site-packages\flask\app.py", line 867, in full_dispatch_request
    rv = self.dispatch_request()
  File "C:\Users\Akhila Suresh\AppData\Local\Programs\Python\Python310\lib\site-packages\flask\app.py", line 841, in dispatch_request
    self.raise_routing_exception(req)
  File "C:\Users\Akhila Suresh\AppData\Local\Programs\Python\Python310\lib\site-packages\flask\app.py", line 450, in raise_routing_exception
    raise request.routing_exception  # type: ignore
  File "C:\Users\Akhila Suresh\AppData\Local\Programs\Python\Python310\lib\site-packages\flask\ctx.py", line 353, in match_request
    result = self.url_adapter.match(return_rule=True)  # type: ignore
  File "C:\Users\Akhila Suresh\AppData\Local\Programs\Python\Python310\lib\site-packages\werkzeug\routing\map.py", line 624, in match
    raise NotFound() from None
werkzeug.exceptions.NotFound: 404 Not Found: The requested URL was not found on the server. If you entered the URL manually please check your spelling and try again.

--------------------------------------------------
[2026-03-06 22:36:27] ERROR: 404 Not Found: The requested URL was not found on the server. If you entered the URL manually please check your spelling and try again.
Traceback (most recent call last):
  File "C:\Users\Akhila Suresh\AppData\Local\Programs\Python\Python310\lib\site-packages\flask\app.py", line 867, in full_dispatch_request
    rv = self.dispatch_request()
  File "C:\Users\Akhila Suresh\AppData\Local\Programs\Python\Python310\lib\site-packages\flask\app.py", line 841, in dispatch_request
    self.raise_routing_exception(req)
  File "C:\Users\Akhila Suresh\AppData\Local\Programs\Python\Python310\lib\site-packages\flask\app.py", line 450, in raise_routing_exception
    raise request.routing_exception  # type: ignore
  File "C:\Users\Akhila Suresh\AppData\Local\Programs\Python\Python310\lib\site-packages\flask\ctx.py", line 353, in match_request
    result = self.url_adapter.match(return_rule=True)  # type: ignore
  File "C:\Users\Akhila Suresh\AppData\Local\Programs\Python\Python310\lib\site-packages\werkzeug\routing\map.py", line 624, in match
    raise NotFound() from None
werkzeug.exceptions.NotFound: 404 Not Found: The requested URL was not found on the server. If you entered the URL manually please check your spelling and try again.

--------------------------------------------------
[2026-03-06 22:36:27] ERROR: 404 Not Found: The requested URL was not found on the server. If you entered the URL manually please check your spelling and try again.
Traceback (most recent call last):
  File "C:\Users\Akhila Suresh\AppData\Local\Programs\Python\Python310\lib\site-packages\flask\app.py", line 867, in full_dispatch_request
    rv = self.dispatch_request()
  File "C:\Users\Akhila Suresh\AppData\Local\Programs\Python\Python310\lib\site-packages\flask\app.py", line 841, in dispatch_request
    self.raise_routing_exception(req)
  File "C:\Users\Akhila Suresh\AppData\Local\Programs\Python\Python310\lib\site-packages\flask\app.py", line 450, in raise_routing_exception
    raise request.routing_exception  # type: ignore
  File "C:\Users\Akhila Suresh\AppData\Local\Programs\Python\Python310\lib\site-packages\flask\ctx.py", line 353, in match_request
    result = self.url_adapter.match(return_rule=True)  # type: ignore
  File "C:\Users\Akhila Suresh\AppData\Local\Programs\Python\Python310\lib\site-packages\werkzeug\routing\map.py", line 624, in match
    raise NotFound() from None
werkzeug.exceptions.NotFound: 404 Not Found: The requested URL was not found on the server. If you entered the URL manually please check your spelling and try again.

--------------------------------------------------
[2026-03-06 22:36:27] ERROR: 404 Not Found: The requested URL was not found on the server. If you entered the URL manually please check your spelling and try again.
Traceback (most recent call last):
  File "C:\Users\Akhila Suresh\AppData\Local\Programs\Python\Python310\lib\site-packages\flask\app.py", line 867, in full_dispatch_request
    rv = self.dispatch_request()
  File "C:\Users\Akhila Suresh\AppData\Local\Programs\Python\Python310\lib\site-packages\flask\app.py", line 841, in dispatch_request
    self.raise_routing_exception(req)
  File "C:\Users\Akhila Suresh\AppData\Local\Programs\Python\Python310\lib\site-packages\flask\app.py", line 450, in raise_routing_exception
    raise request.routing_exception  # type: ignore
  File "C:\Users\Akhila Suresh\AppData\Local\Programs\Python\Python310\lib\site-packages\flask\ctx.py", line 353, in match_request
    result = self.url_adapter.match(return_rule=True)  # type: ignore
  File "C:\Users\Akhila Suresh\AppData\Local\Programs\Python\Python310\lib\site-packages\werkzeug\routing\map.py", line 624, in match
    raise NotFound() from None
werkzeug.exceptions.NotFound: 404 Not Found: The requested URL was not found on the server. If you entered the URL manually please check your spelling and try again.

--------------------------------------------------
[2026-03-06 22:36:27] ERROR: 404 Not Found: The requested URL was not found on the server. If you entered the URL manually please check your spelling and try again.
Traceback (most recent call last):
  File "C:\Users\Akhila Suresh\AppData\Local\Programs\Python\Python310\lib\site-packages\flask\app.py", line 867, in full_dispatch_request
    rv = self.dispatch_request()
  File "C:\Users\Akhila Suresh\AppData\Local\Programs\Python\Python310\lib\site-packages\flask\app.py", line 841, in dispatch_request
    self.raise_routing_exception(req)
  File "C:\Users\Akhila Suresh\AppData\Local\Programs\Python\Python310\lib\site-packages\flask\app.py", line 450, in raise_routing_exception
    raise request.routing_exception  # type: ignore
  File "C:\Users\Akhila Suresh\AppData\Local\Programs\Python\Python310\lib\site-packages\flask\ctx.py", line 353, in match_request
    result = self.url_adapter.match(return_rule=True)  # type: ignore
  File "C:\Users\Akhila Suresh\AppData\Local\Programs\Python\Python310\lib\site-packages\werkzeug\routing\map.py", line 624, in match
    raise NotFound() from None
werkzeug.exceptions.NotFound: 404 Not Found: The requested URL was not found on the server. If you entered the URL manually please check your spelling and try again.

--------------------------------------------------
[2026-03-06 22:57:03] ERROR: 404 Not Found: The requested URL was not found on the server. If you entered the URL manually please check your spelling and try again.
Traceback (most recent call last):
  File "C:\Users\Akhila Suresh\AppData\Local\Programs\Python\Python310\lib\site-packages\flask\app.py", line 867, in full_dispatch_request
    rv = self.dispatch_request()
  File "C:\Users\Akhila Suresh\AppData\Local\Programs\Python\Python310\lib\site-packages\flask\app.py", line 841, in dispatch_request
    self.raise_routing_exception(req)
  File "C:\Users\Akhila Suresh\AppData\Local\Programs\Python\Python310\lib\site-packages\flask\app.py", line 450, in raise_routing_exception
    raise request.routing_exception  # type: ignore
  File "C:\Users\Akhila Suresh\AppData\Local\Programs\Python\Python310\lib\site-packages\flask\ctx.py", line 353, in match_request
    result = self.url_adapter.match(return_rule=True)  # type: ignore
  File "C:\Users\Akhila Suresh\AppData\Local\Programs\Python\Python310\lib\site-packages\werkzeug\routing\map.py", line 624, in match
    raise NotFound() from None
werkzeug.exceptions.NotFound: 404 Not Found: The requested URL was not found on the server. If you entered the URL manually please check your spelling and try again.

--------------------------------------------------
[2026-03-06 22:57:13] ERROR: 404 Not Found: The requested URL was not found on the server. If you entered the URL manually please check your spelling and try again.
Traceback (most recent call last):
  File "C:\Users\Akhila Suresh\AppData\Local\Programs\Python\Python310\lib\site-packages\flask\app.py", line 867, in full_dispatch_request
    rv = self.dispatch_request()
  File "C:\Users\Akhila Suresh\AppData\Local\Programs\Python\Python310\lib\site-packages\flask\app.py", line 841, in dispatch_request
    self.raise_routing_exception(req)
  File "C:\Users\Akhila Suresh\AppData\Local\Programs\Python\Python310\lib\site-packages\flask\app.py", line 450, in raise_routing_exception
    raise request.routing_exception  # type: ignore
  File "C:\Users\Akhila Suresh\AppData\Local\Programs\Python\Python310\lib\site-packages\flask\ctx.py", line 353, in match_request
    result = self.url_adapter.match(return_rule=True)  # type: ignore
  File "C:\Users\Akhila Suresh\AppData\Local\Programs\Python\Python310\lib\site-packages\werkzeug\routing\map.py", line 624, in match
    raise NotFound() from None
werkzeug.exceptions.NotFound: 404 Not Found: The requested URL was not found on the server. If you entered the URL manually please check your spelling and try again.

--------------------------------------------------
[2026-03-06 22:57:35] ERROR: 404 Not Found: The requested URL was not found on the server. If you entered the URL manually please check your spelling and try again.
Traceback (most recent call last):
  File "C:\Users\Akhila Suresh\AppData\Local\Programs\Python\Python310\lib\site-packages\flask\app.py", line 867, in full_dispatch_request
    rv = self.dispatch_request()
  File "C:\Users\Akhila Suresh\AppData\Local\Programs\Python\Python310\lib\site-packages\flask\app.py", line 841, in dispatch_request
    self.raise_routing_exception(req)
  File "C:\Users\Akhila Suresh\AppData\Local\Programs\Python\Python310\lib\site-packages\flask\app.py", line 450, in raise_routing_exception
    raise request.routing_exception  # type: ignore
  File "C:\Users\Akhila Suresh\AppData\Local\Programs\Python\Python310\lib\site-packages\flask\ctx.py", line 353, in match_request
    result = self.url_adapter.match(return_rule=True)  # type: ignore
  File "C:\Users\Akhila Suresh\AppData\Local\Programs\Python\Python310\lib\site-packages\werkzeug\routing\map.py", line 624, in match
    raise NotFound() from None
werkzeug.exceptions.NotFound: 404 Not Found: The requested URL was not found on the server. If you entered the URL manually please check your spelling and try again.

--------------------------------------------------
[2026-03-06 23:37:07] ERROR: 404 Not Found: The requested URL was not found on the server. If you entered the URL manually please check your spelling and try again.
Traceback (most recent call last):
  File "D:\script-sense-v3 - Copy - Copy\backend\venv\lib\site-packages\flask\app.py", line 867, in full_dispatch_request
    rv = self.dispatch_request()
  File "D:\script-sense-v3 - Copy - Copy\backend\venv\lib\site-packages\flask\app.py", line 841, in dispatch_request
    self.raise_routing_exception(req)
  File "D:\script-sense-v3 - Copy - Copy\backend\venv\lib\site-packages\flask\app.py", line 450, in raise_routing_exception
    raise request.routing_exception  # type: ignore
  File "D:\script-sense-v3 - Copy - Copy\backend\venv\lib\site-packages\flask\ctx.py", line 353, in match_request
    result = self.url_adapter.match(return_rule=True)  # type: ignore
  File "D:\script-sense-v3 - Copy - Copy\backend\venv\lib\site-packages\werkzeug\routing\map.py", line 624, in match
    raise NotFound() from None
werkzeug.exceptions.NotFound: 404 Not Found: The requested URL was not found on the server. If you entered the URL manually please check your spelling and try again.

--------------------------------------------------
[2026-03-06 23:37:57] ERROR: 404 Not Found: The requested URL was not found on the server. If you entered the URL manually please check your spelling and try again.
Traceback (most recent call last):
  File "D:\script-sense-v3 - Copy - Copy\backend\venv\lib\site-packages\flask\app.py", line 867, in full_dispatch_request
    rv = self.dispatch_request()
  File "D:\script-sense-v3 - Copy - Copy\backend\venv\lib\site-packages\flask\app.py", line 841, in dispatch_request
    self.raise_routing_exception(req)
  File "D:\script-sense-v3 - Copy - Copy\backend\venv\lib\site-packages\flask\app.py", line 450, in raise_routing_exception
    raise request.routing_exception  # type: ignore
  File "D:\script-sense-v3 - Copy - Copy\backend\venv\lib\site-packages\flask\ctx.py", line 353, in match_request
    result = self.url_adapter.match(return_rule=True)  # type: ignore
  File "D:\script-sense-v3 - Copy - Copy\backend\venv\lib\site-packages\werkzeug\routing\map.py", line 624, in match
    raise NotFound() from None
werkzeug.exceptions.NotFound: 404 Not Found: The requested URL was not found on the server. If you entered the URL manually please check your spelling and try again.

--------------------------------------------------
[2026-03-06 23:38:11] ERROR: 404 Not Found: The requested URL was not found on the server. If you entered the URL manually please check your spelling and try again.
Traceback (most recent call last):
  File "D:\script-sense-v3 - Copy - Copy\backend\venv\lib\site-packages\flask\app.py", line 867, in full_dispatch_request
    rv = self.dispatch_request()
  File "D:\script-sense-v3 - Copy - Copy\backend\venv\lib\site-packages\flask\app.py", line 841, in dispatch_request
    self.raise_routing_exception(req)
  File "D:\script-sense-v3 - Copy - Copy\backend\venv\lib\site-packages\flask\app.py", line 450, in raise_routing_exception
    raise request.routing_exception  # type: ignore
  File "D:\script-sense-v3 - Copy - Copy\backend\venv\lib\site-packages\flask\ctx.py", line 353, in match_request
    result = self.url_adapter.match(return_rule=True)  # type: ignore
  File "D:\script-sense-v3 - Copy - Copy\backend\venv\lib\site-packages\werkzeug\routing\map.py", line 624, in match
    raise NotFound() from None
werkzeug.exceptions.NotFound: 404 Not Found: The requested URL was not found on the server. If you entered the URL manually please check your spelling and try again.

--------------------------------------------------
[2026-03-06 23:38:16] ERROR: 404 Not Found: The requested URL was not found on the server. If you entered the URL manually please check your spelling and try again.
Traceback (most recent call last):
  File "D:\script-sense-v3 - Copy - Copy\backend\venv\lib\site-packages\flask\app.py", line 867, in full_dispatch_request
    rv = self.dispatch_request()
  File "D:\script-sense-v3 - Copy - Copy\backend\venv\lib\site-packages\flask\app.py", line 841, in dispatch_request
    self.raise_routing_exception(req)
  File "D:\script-sense-v3 - Copy - Copy\backend\venv\lib\site-packages\flask\app.py", line 450, in raise_routing_exception
    raise request.routing_exception  # type: ignore
  File "D:\script-sense-v3 - Copy - Copy\backend\venv\lib\site-packages\flask\ctx.py", line 353, in match_request
    result = self.url_adapter.match(return_rule=True)  # type: ignore
  File "D:\script-sense-v3 - Copy - Copy\backend\venv\lib\site-packages\werkzeug\routing\map.py", line 624, in match
    raise NotFound() from None
werkzeug.exceptions.NotFound: 404 Not Found: The requested URL was not found on the server. If you entered the URL manually please check your spelling and try again.

--------------------------------------------------
[2026-03-07 08:27:39] ERROR: 404 Not Found: The requested URL was not found on the server. If you entered the URL manually please check your spelling and try again.
Traceback (most recent call last):
  File "D:\script-sense-v3 - Copy - Copy\backend\venv\lib\site-packages\flask\app.py", line 867, in full_dispatch_request
    rv = self.dispatch_request()
  File "D:\script-sense-v3 - Copy - Copy\backend\venv\lib\site-packages\flask\app.py", line 841, in dispatch_request
    self.raise_routing_exception(req)
  File "D:\script-sense-v3 - Copy - Copy\backend\venv\lib\site-packages\flask\app.py", line 450, in raise_routing_exception
    raise request.routing_exception  # type: ignore
  File "D:\script-sense-v3 - Copy - Copy\backend\venv\lib\site-packages\flask\ctx.py", line 353, in match_request
    result = self.url_adapter.match(return_rule=True)  # type: ignore
  File "D:\script-sense-v3 - Copy - Copy\backend\venv\lib\site-packages\werkzeug\routing\map.py", line 624, in match
    raise NotFound() from None
werkzeug.exceptions.NotFound: 404 Not Found: The requested URL was not found on the server. If you entered the URL manually please check your spelling and try again.

--------------------------------------------------
[2026-03-07 08:27:55] ERROR: 404 Not Found: The requested URL was not found on the server. If you entered the URL manually please check your spelling and try again.
Traceback (most recent call last):
  File "D:\script-sense-v3 - Copy - Copy\backend\venv\lib\site-packages\flask\app.py", line 867, in full_dispatch_request
    rv = self.dispatch_request()
  File "D:\script-sense-v3 - Copy - Copy\backend\venv\lib\site-packages\flask\app.py", line 841, in dispatch_request
    self.raise_routing_exception(req)
  File "D:\script-sense-v3 - Copy - Copy\backend\venv\lib\site-packages\flask\app.py", line 450, in raise_routing_exception
    raise request.routing_exception  # type: ignore
  File "D:\script-sense-v3 - Copy - Copy\backend\venv\lib\site-packages\flask\ctx.py", line 353, in match_request
    result = self.url_adapter.match(return_rule=True)  # type: ignore
  File "D:\script-sense-v3 - Copy - Copy\backend\venv\lib\site-packages\werkzeug\routing\map.py", line 624, in match
    raise NotFound() from None
werkzeug.exceptions.NotFound: 404 Not Found: The requested URL was not found on the server. If you entered the URL manually please check your spelling and try again.

--------------------------------------------------
[2026-03-07 08:27:55] ERROR: 404 Not Found: The requested URL was not found on the server. If you entered the URL manually please check your spelling and try again.
Traceback (most recent call last):
  File "D:\script-sense-v3 - Copy - Copy\backend\venv\lib\site-packages\flask\app.py", line 867, in full_dispatch_request
    rv = self.dispatch_request()
  File "D:\script-sense-v3 - Copy - Copy\backend\venv\lib\site-packages\flask\app.py", line 841, in dispatch_request
    self.raise_routing_exception(req)
  File "D:\script-sense-v3 - Copy - Copy\backend\venv\lib\site-packages\flask\app.py", line 450, in raise_routing_exception
    raise request.routing_exception  # type: ignore
  File "D:\script-sense-v3 - Copy - Copy\backend\venv\lib\site-packages\flask\ctx.py", line 353, in match_request
    result = self.url_adapter.match(return_rule=True)  # type: ignore
  File "D:\script-sense-v3 - Copy - Copy\backend\venv\lib\site-packages\werkzeug\routing\map.py", line 624, in match
    raise NotFound() from None
werkzeug.exceptions.NotFound: 404 Not Found: The requested URL was not found on the server. If you entered the URL manually please check your spelling and try again.

--------------------------------------------------
[2026-03-07 08:28:58] ERROR: 404 Not Found: The requested URL was not found on the server. If you entered the URL manually please check your spelling and try again.
Traceback (most recent call last):
  File "D:\script-sense-v3 - Copy - Copy\backend\venv\lib\site-packages\flask\app.py", line 867, in full_dispatch_request
    rv = self.dispatch_request()
  File "D:\script-sense-v3 - Copy - Copy\backend\venv\lib\site-packages\flask\app.py", line 841, in dispatch_request
    self.raise_routing_exception(req)
  File "D:\script-sense-v3 - Copy - Copy\backend\venv\lib\site-packages\flask\app.py", line 450, in raise_routing_exception
    raise request.routing_exception  # type: ignore
  File "D:\script-sense-v3 - Copy - Copy\backend\venv\lib\site-packages\flask\ctx.py", line 353, in match_request
    result = self.url_adapter.match(return_rule=True)  # type: ignore
  File "D:\script-sense-v3 - Copy - Copy\backend\venv\lib\site-packages\werkzeug\routing\map.py", line 624, in match
    raise NotFound() from None
werkzeug.exceptions.NotFound: 404 Not Found: The requested URL was not found on the server. If you entered the URL manually please check your spelling and try again.

--------------------------------------------------
[2026-03-07 08:30:06] ERROR: 404 Not Found: The requested URL was not found on the server. If you entered the URL manually please check your spelling and try again.
Traceback (most recent call last):
  File "D:\script-sense-v3 - Copy - Copy\backend\venv\lib\site-packages\flask\app.py", line 867, in full_dispatch_request
    rv = self.dispatch_request()
  File "D:\script-sense-v3 - Copy - Copy\backend\venv\lib\site-packages\flask\app.py", line 841, in dispatch_request
    self.raise_routing_exception(req)
  File "D:\script-sense-v3 - Copy - Copy\backend\venv\lib\site-packages\flask\app.py", line 450, in raise_routing_exception
    raise request.routing_exception  # type: ignore
  File "D:\script-sense-v3 - Copy - Copy\backend\venv\lib\site-packages\flask\ctx.py", line 353, in match_request
    result = self.url_adapter.match(return_rule=True)  # type: ignore
  File "D:\script-sense-v3 - Copy - Copy\backend\venv\lib\site-packages\werkzeug\routing\map.py", line 624, in match
    raise NotFound() from None
werkzeug.exceptions.NotFound: 404 Not Found: The requested URL was not found on the server. If you entered the URL manually please check your spelling and try again.

--------------------------------------------------
[2026-03-07 08:30:39] ERROR: 404 Not Found: The requested URL was not found on the server. If you entered the URL manually please check your spelling and try again.
Traceback (most recent call last):
  File "D:\script-sense-v3 - Copy - Copy\backend\venv\lib\site-packages\flask\app.py", line 867, in full_dispatch_request
    rv = self.dispatch_request()
  File "D:\script-sense-v3 - Copy - Copy\backend\venv\lib\site-packages\flask\app.py", line 841, in dispatch_request
    self.raise_routing_exception(req)
  File "D:\script-sense-v3 - Copy - Copy\backend\venv\lib\site-packages\flask\app.py", line 450, in raise_routing_exception
    raise request.routing_exception  # type: ignore
  File "D:\script-sense-v3 - Copy - Copy\backend\venv\lib\site-packages\flask\ctx.py", line 353, in match_request
    result = self.url_adapter.match(return_rule=True)  # type: ignore
  File "D:\script-sense-v3 - Copy - Copy\backend\venv\lib\site-packages\werkzeug\routing\map.py", line 624, in match
    raise NotFound() from None
werkzeug.exceptions.NotFound: 404 Not Found: The requested URL was not found on the server. If you entered the URL manually please check your spelling and try again.

--------------------------------------------------
